{"timestamp":"2026-02-14T11:32:32.271Z","action":"new","sessionKey":"agent:main:main","senderId":"openclaw-control-ui","source":"webchat"}
{"timestamp":"2026-02-25T13:33:42.398Z","action":"new","sessionKey":"agent:main:main","senderId":"openclaw-control-ui","source":"webchat"}
{"timestamp":"2026-02-25T14:23:46.504Z","action":"new","sessionKey":"agent:main:main","senderId":"openclaw-control-ui","source":"webchat"}
{"timestamp":"2026-02-27T01:04:34.135Z","action":"new","sessionKey":"agent:main:main","senderId":"openclaw-control-ui","source":"webchat"}
{"timestamp":"2026-02-27T05:38:22.293Z","action":"new","sessionKey":"agent:main:main","senderId":"openclaw-control-ui","source":"webchat"}
{"timestamp":"2026-02-27T05:55:54.675Z","action":"new","sessionKey":"agent:main:main","senderId":"openclaw-control-ui","source":"webchat"}
{"timestamp":"2026-02-27T11:41:18.915Z","action":"new","sessionKey":"agent:main:main","senderId":"openclaw-control-ui","source":"webchat"}
{"timestamp":"2026-02-27T13:53:47.321Z","action":"new","sessionKey":"agent:main:main","senderId":"openclaw-control-ui","source":"webchat"}
{"timestamp":"2026-02-28T13:40:26.947Z","action":"new","sessionKey":"agent:main:main","senderId":"openclaw-control-ui","source":"webchat"}
{"timestamp":"2026-03-01T05:49:30.097Z","action":"new","sessionKey":"agent:main:main","senderId":"openclaw-control-ui","source":"webchat"}
{"timestamp":"2026-03-01T06:35:08.997Z","action":"new","sessionKey":"agent:main:main","senderId":"openclaw-control-ui","source":"webchat"}
{"timestamp":"2026-03-01T13:50:45.284Z","action":"new","sessionKey":"agent:main:main","senderId":"openclaw-control-ui","source":"webchat"}
{"timestamp":"2026-03-01T13:50:53.113Z","action":"new","sessionKey":"agent:main:discord:channel:1475722914904014958","senderId":"openclaw-control-ui","source":"webchat"}
{"timestamp":"2026-03-02T01:46:06.576Z","action":"new","sessionKey":"agent:main:main","senderId":"openclaw-control-ui","source":"webchat"}
{"timestamp":"2026-03-02T02:45:35.666Z","action":"new","sessionKey":"agent:main:main","senderId":"openclaw-control-ui","source":"webchat"}
{"timestamp":"2026-03-02T05:19:53.502Z","action":"new","sessionKey":"agent:main:main","senderId":"openclaw-control-ui","source":"webchat"}
{"timestamp":"2026-03-03T01:50:04.284Z","action":"new","sessionKey":"agent:main:main","senderId":"openclaw-control-ui","source":"webchat"}
{"timestamp":"2026-03-03T08:25:16.264Z","action":"new","sessionKey":"agent:main:main","senderId":"openclaw-control-ui","source":"webchat"}
{"timestamp":"2026-03-03T12:25:48.307Z","action":"new","sessionKey":"agent:main:main","senderId":"openclaw-control-ui","source":"webchat"}
{"timestamp":"2026-03-04T01:53:09.923Z","action":"new","sessionKey":"agent:main:main","senderId":"openclaw-control-ui","source":"webchat"}
{"timestamp":"2026-03-04T02:13:10.666Z","action":"new","sessionKey":"agent:main:main","senderId":"openclaw-control-ui","source":"webchat"}
{"timestamp":"2026-03-04T02:21:45.444Z","action":"new","sessionKey":"agent:main:main","senderId":"openclaw-control-ui","source":"webchat"}
{"timestamp":"2026-03-04T03:28:18.616Z","action":"new","sessionKey":"agent:main:main","senderId":"openclaw-control-ui","source":"webchat"}
{"timestamp":"2026-03-04T04:59:49.653Z","action":"new","sessionKey":"agent:main:main","senderId":"openclaw-control-ui","source":"webchat"}
{"timestamp":"2026-03-04T10:15:57.339Z","action":"new","sessionKey":"agent:main:main","senderId":"openclaw-control-ui","source":"webchat"}
{"timestamp":"2026-03-04T23:59:02.625Z","action":"new","sessionKey":"agent:main:main","senderId":"1085793212846854146","source":"discord"}
{"timestamp":"2026-03-05T02:11:24.838Z","action":"new","sessionKey":"agent:main:main","senderId":"openclaw-control-ui","source":"webchat"}
{"timestamp":"2026-03-05T02:32:15.367Z","action":"new","sessionKey":"agent:main:main","senderId":"openclaw-control-ui","source":"webchat"}
{"timestamp":"2026-03-05T06:50:40.701Z","action":"new","sessionKey":"agent:main:main","senderId":"openclaw-control-ui","source":"webchat"}
{"timestamp":"2026-03-05T10:11:54.428Z","action":"new","sessionKey":"agent:main:main","senderId":"openclaw-control-ui","source":"webchat"}
{"timestamp":"2026-03-06T04:54:33.464Z","action":"new","sessionKey":"agent:main:main","senderId":"openclaw-control-ui","source":"webchat"}
{"timestamp":"2026-03-06T04:58:35.761Z","action":"new","sessionKey":"agent:main:main","senderId":"openclaw-control-ui","source":"webchat"}
{"timestamp":"2026-03-07T00:00:56.863Z","action":"new","sessionKey":"agent:main:main","senderId":"1085793212846854146","source":"discord"}
{"timestamp":"2026-03-07T01:17:19.303Z","action":"new","sessionKey":"agent:main:main","senderId":"openclaw-control-ui","source":"webchat"}
{"timestamp":"2026-03-07T03:09:09.315Z","action":"new","sessionKey":"agent:main:main","senderId":"unknown","source":"gateway:sessions.reset"}
{"timestamp":"2026-03-07T03:09:13.985Z","action":"new","sessionKey":"agent:main:main","senderId":"unknown","source":"gateway:sessions.reset"}
{"timestamp":"2026-03-07T03:39:03.169Z","action":"new","sessionKey":"agent:main:main","senderId":"openclaw-control-ui","source":"webchat"}
{"timestamp":"2026-03-08T01:18:38.972Z","action":"new","sessionKey":"agent:main:main","senderId":"openclaw-control-ui","source":"webchat"}
{"timestamp":"2026-03-09T02:58:03.028Z","action":"reset","sessionKey":"agent:main:main","senderId":"1085793212846854146","source":"discord"}
{"timestamp":"2026-03-09T03:36:49.326Z","action":"reset","sessionKey":"agent:main:discord:channel:1475710747114737717","senderId":"1085793212846854146","source":"discord"}
{"timestamp":"2026-03-09T03:38:59.987Z","action":"reset","sessionKey":"agent:main:telegram:group:-1003806517659:topic:1","senderId":"6021596770","source":"telegram"}
{"timestamp":"2026-03-10T09:02:40.669Z","action":"reset","sessionKey":"agent:main:telegram:group:-1003806517659:topic:5","senderId":"6021596770","source":"telegram"}
{"timestamp":"2026-03-10T09:08:02.933Z","action":"reset","sessionKey":"agent:main:discord:channel:1475710747114737717","senderId":"1085793212846854146","source":"discord"}
{"timestamp":"2026-03-12T10:09:50.184Z","action":"reset","sessionKey":"agent:main:telegram:group:-1003806517659:topic:5","senderId":"6021596770","source":"telegram"}
{"timestamp":"2026-03-13T05:07:25.642Z","action":"reset","sessionKey":"agent:main:telegram:group:-1003806517659:topic:5","senderId":"6021596770","source":"telegram"}
{"timestamp":"2026-03-13T06:50:40.937Z","action":"reset","sessionKey":"agent:main:discord:channel:1475710747114737717","senderId":"1085793212846854146","source":"discord"}
{"timestamp":"2026-03-14T13:21:14.164Z","action":"reset","sessionKey":"agent:main:main","senderId":"openclaw-control-ui","source":"webchat"}
{"timestamp":"2026-03-15T06:48:22.373Z","action":"reset","sessionKey":"agent:main:discord:channel:1475710747114737717","senderId":"1085793212846854146","source":"discord"}
{"timestamp":"2026-03-15T06:50:05.057Z","action":"reset","sessionKey":"agent:main:main","senderId":"openclaw-control-ui","source":"webchat"}
{"timestamp":"2026-03-15T07:54:34.307Z","action":"reset","sessionKey":"agent:main:discord:channel:1480406282321137754","senderId":"1085793212846854146","source":"discord"}
{"timestamp":"2026-03-16T11:11:04.676Z","action":"reset","sessionKey":"agent:main:main","senderId":"openclaw-control-ui","source":"webchat"}
{"timestamp":"2026-03-16T12:09:09.030Z","action":"reset","sessionKey":"agent:main:main","senderId":"1085793212846854146","source":"discord"}
{"timestamp":"2026-03-18T08:26:23.747Z","action":"reset","sessionKey":"agent:main:telegram:group:-1003806517659:topic:5","senderId":"6021596770","source":"telegram"}
{"timestamp":"2026-03-19T13:07:50.058Z","action":"reset","sessionKey":"agent:main:telegram:group:-1003806517659:topic:1","senderId":"6021596770","source":"telegram"}
{"timestamp":"2026-04-11T07:46:38.271Z","action":"reset","sessionKey":"agent:main:telegram:group:-1003806517659:topic:1","senderId":"6021596770","source":"telegram"}
{"timestamp":"2026-04-11T07:47:13.352Z","action":"reset","sessionKey":"agent:main:telegram:group:-1003806517659:topic:1","senderId":"6021596770","source":"telegram"}
{"timestamp":"2026-04-12T01:50:46.972Z","action":"reset","sessionKey":"agent:main:main","senderId":"openclaw-control-ui","source":"webchat"}
